// Jest Snapshot v1, https://goo.gl/fbAQLP

exports[`Body should render correctly 1`] = `
<Fragment>
  <ForwardRef(render)
    styles={
      Object {
        "map": undefined,
        "name": "19l0exz",
        "next": undefined,
        "styles": "body{height: 100%;overflow:hidden;background-color:#1D2E48;color:#fff;}",
        "toString": [Function],
      }
    }
  />
  <Container>
    <div
      className="foo"
    >
      Bar
    </div>
  </Container>
</Fragment>
`;
