// Jest Snapshot v1, https://goo.gl/fbAQLP

exports[`Button should render correctly 1`] = `
<EmotionCssPropInternal
  __EMOTION_LABEL_PLEASE_DO_NOT_USE__="Button"
  __EMOTION_TYPE_PLEASE_DO_NOT_USE__="button"
  css={
    Object {
      "map": undefined,
      "name": "16hf7nj",
      "next": undefined,
      "styles": "width:100%;padding:15px 0px;cursor:pointer;font-size:14px;color:#fff;outline:none;border:1px solid rgba(39, 60, 171, 0.1);background-color:#2A4660;&:hover{background:rgba(42, 70, 96, 0.8);}&:active{background:rgba(42, 70, 96, 0.9);}",
      "toString": [Function],
    }
  }
  onClick={[Function]}
  type="button"
>
  my button
</EmotionCssPropInternal>
`;
